// Jest Snapshot v1, https://goo.gl/fbAQLP

exports[`<Nav /> will render signed out nav ui when signed out 1`] = `
<ul
  className="NavStyles-sc-11c0d2g-0 ikOrBq"
  data-test="nav"
>
  <Link
    href="/items"
  >
    <a
      href="/items"
      onClick={[Function]}
    >
      Shop
    </a>
  </Link>
  <Link
    href="/signup"
  >
    <a
      href="/signup"
      onClick={[Function]}
    >
      Sign In
    </a>
  </Link>
</ul>
`;
